// Jest Snapshot v1, https://goo.gl/fbAQLP

exports[`ContactUs Renders okay 1`] = `
<div>
  <form
    class="form"
    novalidate=""
  >
    <div>
       
      <div
        class="form-group"
      >
        <label
          for="name"
        >
          Your name
        </label>
        <input
          id="name"
          type="text"
          value=""
        />
      </div>
      <div
        class="form-group"
      >
        <label
          for="email"
        >
          Your email address
        </label>
        <input
          id="email"
          type="email"
          value=""
        />
      </div>
      <div
        class="form-group"
      >
        <label
          for="reason"
        >
          Reason you need to contact us
        </label>
        <select>
          <option
            value="Marketing"
          >
            Marketing
          </option>
          <option
            value="Support"
          >
            Support
          </option>
          <option
            value="Feedback"
          >
            Feedback
          </option>
          <option
            value="Jobs"
          >
            Jobs
          </option>
          <option
            value="Other"
          >
            Other
          </option>
        </select>
      </div>
      <div
        class="form-group"
      >
        <label
          for="notes"
        >
          Additional notes
        </label>
        <textarea
          id="notes"
        />
      </div>
    </div>
    <div
      class="form-group"
    >
      <button
        type="submit"
      >
        Submit
      </button>
    </div>
  </form>
</div>
`;
